// Jest Snapshot v1, https://goo.gl/fbAQLP

exports[`Matches Footer snapshot 1`] = `
<footer
  data-testid="Footer1"
>
  © Ryhmä 12 2023
</footer>
`;
