// Jest Snapshot v1, https://goo.gl/fbAQLP

exports[`Matches Visu1 snapshot 1`] = `
<div>
  <div
    className="chart"
    data-testid="visu1"
  >
    <h1>
      Global historical surface temperature
    </h1>
    <button
      onClick={[Function]}
      value="1"
    >
      Annual
    </button>
    <button
      onClick={[Function]}
      value="2"
    >
      Monthly
    </button>
    <div>
      <canvas
        height={150}
        role="img"
        width={300}
      />
    </div>
  </div>
</div>
`;
